,日本国における国際連合の軍隊の地位に関する協定の実施に伴う所得税法等の臨時特例に関する法律施行令,329CO0000000128,Mp-At_3-Pr_1
,日本国における国際連合の軍隊の地位に関する協定の実施に伴う所得税法等の臨時特例に関する法律施行令,329CO0000000128,Mp-At_3-Pr_1
,日本国における国際連合の軍隊の地位に関する協定の実施に伴う所得税法等の臨時特例に関する法律施行令,329CO0000000128,Mp-At_3-Pr_1
,日本国における国際連合の軍隊の地位に関する協定の実施に伴う所得税法等の臨時特例に関する法律施行令,329CO0000000128,Mp-At_3-Pr_1
,日本国における国際連合の軍隊の地位に関する協定の実施に伴う所得税法等の臨時特例に関する法律施行令,329CO0000000128,Mp-At_3-Pr_1
,日本国における国際連合の軍隊の地位に関する協定の実施に伴う所得税法等の臨時特例に関する法律施行令,329CO0000000128,Mp-At_3-Pr_1
,日本国における国際連合の軍隊の地位に関する協定の実施に伴う所得税法等の臨時特例に関する法律施行令,329CO0000000128,Sp-Pr_2
,日本国における国際連合の軍隊の地位に関する協定の実施に伴う所得税法等の臨時特例に関する法律施行令,329CO0000000128,Sp-Pr_2
,日本国における国際連合の軍隊の地位に関する協定の実施に伴う所得税法等の臨時特例に関する法律施行令,329CO0000000128,Sp-Pr_2
,日本国における国際連合の軍隊の地位に関する協定の実施に伴う所得税法等の臨時特例に関する法律施行令,329CO0000000128,Sp_昭和五九年四月一三日政令第一〇三号-At_1-Pr_1
,日本国における国際連合の軍隊の地位に関する協定の実施に伴う所得税法等の臨時特例に関する法律施行令,329CO0000000128,Sp_昭和五九年四月一三日政令第一〇三号-At_1-Pr_1
,日本国における国際連合の軍隊の地位に関する協定の実施に伴う所得税法等の臨時特例に関する法律施行令,329CO0000000128,Sp_昭和五九年四月一三日政令第一〇三号-At_1-Pr_1
,日本国における国際連合の軍隊の地位に関する協定の実施に伴う所得税法等の臨時特例に関する法律施行令,329CO0000000128,Sp_昭和五九年四月一三日政令第一〇三号-At_1-Pr_1
,日本国における国際連合の軍隊の地位に関する協定の実施に伴う所得税法等の臨時特例に関する法律施行令,329CO0000000128,Sp_昭和五九年四月一三日政令第一〇三号-At_1-Pr_1
,日本国における国際連合の軍隊の地位に関する協定の実施に伴う所得税法等の臨時特例に関する法律施行令,329CO0000000128,Sp_昭和五九年四月一三日政令第一〇三号-At_1-Pr_1
,日本国における国際連合の軍隊の地位に関する協定の実施に伴う所得税法等の臨時特例に関する法律施行令,329CO0000000128,Sp_昭和六三年一二月三〇日政令第三六一号-At_9-Pr_1
,日本国における国際連合の軍隊の地位に関する協定の実施に伴う所得税法等の臨時特例に関する法律施行令,329CO0000000128,Sp_昭和六三年一二月三〇日政令第三六一号-At_9-Pr_1
,日本国における国際連合の軍隊の地位に関する協定の実施に伴う所得税法等の臨時特例に関する法律施行令,329CO0000000128,Sp_昭和六三年一二月三〇日政令第三六一号-At_9-Pr_1
,日本国における国際連合の軍隊の地位に関する協定の実施に伴う所得税法等の臨時特例に関する法律施行令,329CO0000000128,Sp_昭和六三年一二月三〇日政令第三六一号-At_9-Pr_1
,日本国における国際連合の軍隊の地位に関する協定の実施に伴う所得税法等の臨時特例に関する法律施行令,329CO0000000128,Sp_昭和六三年一二月三〇日政令第三六一号-At_9-Pr_1
Mp-At_1,日本国における国際連合の軍隊の地位に関する協定の実施に伴う所得税法等の臨時特例に関する法律施行令,329CO0000000128,Sp_昭和六三年一二月三〇日政令第三六一号-At_9-Pr_1
Mp-At_1,日本国における国際連合の軍隊の地位に関する協定の実施に伴う所得税法等の臨時特例に関する法律施行令,329CO0000000128,Sp_昭和六三年一二月三〇日政令第三六一号-At_9-Pr_1
,日本国における国際連合の軍隊の地位に関する協定の実施に伴う所得税法等の臨時特例に関する法律施行令,329CO0000000128,Sp_昭和六三年一二月三〇日政令第三六一号-At_9-Pr_1
,日本国における国際連合の軍隊の地位に関する協定の実施に伴う所得税法等の臨時特例に関する法律施行令,329CO0000000128,Sp_昭和六三年一二月三〇日政令第三六一号-At_9-Pr_1
,日本国における国際連合の軍隊の地位に関する協定の実施に伴う所得税法等の臨時特例に関する法律施行令,329CO0000000128,Sp_昭和六三年一二月三〇日政令第三六一号-At_9-Pr_1
,日本国における国際連合の軍隊の地位に関する協定の実施に伴う所得税法等の臨時特例に関する法律施行令,329CO0000000128,Sp_昭和六三年一二月三〇日政令第三六一号-At_9-Pr_1
,日本国における国際連合の軍隊の地位に関する協定の実施に伴う所得税法等の臨時特例に関する法律施行令,329CO0000000128,Sp_平成一五年三月三一日政令第一三七号-At_1-Pr_1
,日本国における国際連合の軍隊の地位に関する協定の実施に伴う所得税法等の臨時特例に関する法律施行令,329CO0000000128,Sp_平成一五年三月三一日政令第一三七号-At_1-Pr_1
,日本国における国際連合の軍隊の地位に関する協定の実施に伴う所得税法等の臨時特例に関する法律施行令,329CO0000000128,Sp_平成一五年三月三一日政令第一三七号-At_1-Pr_1
,日本国における国際連合の軍隊の地位に関する協定の実施に伴う所得税法等の臨時特例に関する法律施行令,329CO0000000128,Sp_平成一五年三月三一日政令第一三七号-At_1-Pr_1
,日本国における国際連合の軍隊の地位に関する協定の実施に伴う所得税法等の臨時特例に関する法律施行令,329CO0000000128,Sp_平成一五年三月三一日政令第一三七号-At_1-Pr_1
,日本国における国際連合の軍隊の地位に関する協定の実施に伴う所得税法等の臨時特例に関する法律施行令,329CO0000000128,Sp_平成一五年三月三一日政令第一三七号-At_1-Pr_1
,日本国における国際連合の軍隊の地位に関する協定の実施に伴う所得税法等の臨時特例に関する法律施行令,329CO0000000128,Sp_平成一五年三月三一日政令第一三七号-At_1-Pr_1
,日本国における国際連合の軍隊の地位に関する協定の実施に伴う所得税法等の臨時特例に関する法律施行令,329CO0000000128,Sp_平成一五年三月三一日政令第一三七号-At_1-Pr_1
,日本国における国際連合の軍隊の地位に関する協定の実施に伴う所得税法等の臨時特例に関する法律施行令,329CO0000000128,Sp_平成一五年三月三一日政令第一三七号-At_1-Pr_1
,日本国における国際連合の軍隊の地位に関する協定の実施に伴う所得税法等の臨時特例に関する法律施行令,329CO0000000128,Sp_平成一五年三月三一日政令第一三七号-At_1-Pr_1
,日本国における国際連合の軍隊の地位に関する協定の実施に伴う所得税法等の臨時特例に関する法律施行令,329CO0000000128,Sp_平成一五年三月三一日政令第一三七号-At_1-Pr_1
,日本国における国際連合の軍隊の地位に関する協定の実施に伴う所得税法等の臨時特例に関する法律施行令,329CO0000000128,Sp_平成一五年三月三一日政令第一三七号-At_1-Pr_1
,日本国における国際連合の軍隊の地位に関する協定の実施に伴う所得税法等の臨時特例に関する法律施行令,329CO0000000128,Sp_平成一五年三月三一日政令第一三七号-At_1-Pr_1
,電子情報処理組織による輸出入等関連業務の処理等に関する法律施行令,352CO0000000220,Apt_0
,電子情報処理組織による輸出入等関連業務の処理等に関する法律施行令,352CO0000000220,Apt_0
,電子情報処理組織による輸出入等関連業務の処理等に関する法律施行令,352CO0000000220,Apt_0
Mp-At_2,電子情報処理組織による輸出入等関連業務の処理等に関する法律施行令,352CO0000000220,Apt_0
Mp-At_3,電子情報処理組織による輸出入等関連業務の処理等に関する法律施行令,352CO0000000220,Apt_0
Mp-At_3,電子情報処理組織による輸出入等関連業務の処理等に関する法律施行令,352CO0000000220,Apt_0
Mp-At_3,電子情報処理組織による輸出入等関連業務の処理等に関する法律施行令,352CO0000000220,Apt_0
