,地方税法施行令,325CO0000000245,Sp_平成三〇年三月三一日政令第一二六号-At_1-Pr_1-It_3
,地方税法施行令,325CO0000000245,Sp_平成三〇年三月三一日政令第一二六号-At_1-Pr_1-It_3
Mp-At_32-Pr_7-It_1,地方税法施行令,325CO0000000245,Sp_平成三〇年三月三一日政令第一二六号-At_1-Pr_1-It_3
,国税収納金整理資金に関する法律施行令,329CO0000000051,Mp-At_2-Pr_1-It_15
,国税収納金整理資金に関する法律施行令,329CO0000000051,Mp-At_2-Pr_1-It_15
Mp-At_17-Pr_6,国税収納金整理資金に関する法律施行令,329CO0000000051,Mp-At_2-Pr_1-It_15
,租税特別措置法施行令,332CO0000000043,Sp_令和二年六月二六日政令第二〇七号-At_2-Pr_2
Mp-At_13,租税特別措置法施行令,332CO0000000043,Sp_令和二年六月二六日政令第二〇七号-At_2-Pr_2
,租税特別措置法施行規則,332M50000040015,Sp_令和二年六月三〇日財務省令第五六号-At_2-Pr_2
,租税特別措置法施行規則,332M50000040015,Sp_令和二年六月三〇日財務省令第五六号-At_2-Pr_2
,国税通則法施行令,337CO0000000135,Sp_令和二年六月二六日政令第二〇七号-At_2-Pr_2
Mp-At_13,国税通則法施行令,337CO0000000135,Sp_令和二年六月二六日政令第二〇七号-At_2-Pr_2
,外国居住者等の所得に対する相互主義による所得税等の非課税等に関する法律施行令,337CO0000000227,Sp_平成二八年五月二五日政令第二二六号-At_2-Pr_1
,外国居住者等の所得に対する相互主義による所得税等の非課税等に関する法律施行令,337CO0000000227,Sp_平成二八年五月二五日政令第二二六号-At_2-Pr_1
Mp-At_30-Pr_1,外国居住者等の所得に対する相互主義による所得税等の非課税等に関する法律施行令,337CO0000000227,Sp_平成二八年五月二五日政令第二二六号-At_2-Pr_1
Mp-At_30-Pr_1-It_1,外国居住者等の所得に対する相互主義による所得税等の非課税等に関する法律施行令,337CO0000000227,Sp_平成二八年五月二五日政令第二二六号-At_2-Pr_1
Mp-At_30-Pr_1-It_3,外国居住者等の所得に対する相互主義による所得税等の非課税等に関する法律施行令,337CO0000000227,Sp_平成二八年五月二五日政令第二二六号-At_2-Pr_1
Mp-At_31-Pr_1,外国居住者等の所得に対する相互主義による所得税等の非課税等に関する法律施行令,337CO0000000227,Sp_平成二八年五月二五日政令第二二六号-At_2-Pr_2
Mp-At_31-Pr_1,外国居住者等の所得に対する相互主義による所得税等の非課税等に関する法律施行令,337CO0000000227,Sp_平成二八年五月二五日政令第二二六号-At_2-Pr_2
Mp-At_31-Pr_1,外国居住者等の所得に対する相互主義による所得税等の非課税等に関する法律施行令,337CO0000000227,Sp_平成二八年五月二五日政令第二二六号-At_2-Pr_2
Mp-At_32-Pr_7,外国居住者等の所得に対する相互主義による所得税等の非課税等に関する法律施行令,337CO0000000227,Sp_平成二八年五月二五日政令第二二六号-At_2-Pr_3
Mp-At_32-Pr_7-It_1,外国居住者等の所得に対する相互主義による所得税等の非課税等に関する法律施行令,337CO0000000227,Sp_平成二八年五月二五日政令第二二六号-At_2-Pr_3
,外国居住者等の所得に対する相互主義による所得税等の非課税等に関する法律施行令,337CO0000000227,Sp_平成三〇年三月三一日政令第一二六号-At_1-Pr_1-It_3
,外国居住者等の所得に対する相互主義による所得税等の非課税等に関する法律施行令,337CO0000000227,Sp_平成三〇年三月三一日政令第一二六号-At_1-Pr_1-It_3
Mp-At_32-Pr_7-It_1,外国居住者等の所得に対する相互主義による所得税等の非課税等に関する法律施行令,337CO0000000227,Sp_平成三〇年三月三一日政令第一二六号-At_1-Pr_1-It_3
,外国居住者等の所得に対する相互主義による所得税等の非課税等に関する法律施行令,337CO0000000227,Sp_平成三〇年三月三一日政令第一四四号-At_2-Pr_1
,外国居住者等の所得に対する相互主義による所得税等の非課税等に関する法律施行令,337CO0000000227,Sp_平成三〇年三月三一日政令第一四四号-At_2-Pr_1
Mp-At_4-Pr_3,外国居住者等の所得に対する相互主義による所得税等の非課税等に関する法律施行令,337CO0000000227,Sp_平成三〇年三月三一日政令第一四四号-At_2-Pr_1
Mp-At_4-Pr_3,外国居住者等の所得に対する相互主義による所得税等の非課税等に関する法律施行令,337CO0000000227,Sp_平成三〇年三月三一日政令第一四四号-At_2-Pr_2
Mp-At_4-Pr_3,外国居住者等の所得に対する相互主義による所得税等の非課税等に関する法律施行令,337CO0000000227,Sp_平成三〇年三月三一日政令第一四四号-At_2-Pr_3
Mp-At_4-Pr_3,外国居住者等の所得に対する相互主義による所得税等の非課税等に関する法律施行令,337CO0000000227,Sp_平成三〇年三月三一日政令第一四四号-At_2-Pr_4
Mp-At_4-Pr_3,外国居住者等の所得に対する相互主義による所得税等の非課税等に関する法律施行令,337CO0000000227,Sp_平成三〇年三月三一日政令第一四四号-At_2-Pr_5
Mp-At_4-Pr_3,外国居住者等の所得に対する相互主義による所得税等の非課税等に関する法律施行令,337CO0000000227,Sp_平成三〇年三月三一日政令第一四四号-At_2-Pr_6
Mp-At_4-Pr_3,外国居住者等の所得に対する相互主義による所得税等の非課税等に関する法律施行令,337CO0000000227,Sp_平成三〇年三月三一日政令第一四四号-At_2-Pr_7
,外国居住者等の所得に対する相互主義による所得税等の非課税等に関する法律施行令,337CO0000000227,Sp_令和二年六月二六日政令第二〇七号-At_2-Pr_2
Mp-At_13,外国居住者等の所得に対する相互主義による所得税等の非課税等に関する法律施行令,337CO0000000227,Sp_令和二年六月二六日政令第二〇七号-At_2-Pr_2
,法人税法施行令,340CO0000000097,Sp_令和二年六月二六日政令第二〇七号-At_2-Pr_2
Mp-At_13,法人税法施行令,340CO0000000097,Sp_令和二年六月二六日政令第二〇七号-At_2-Pr_2
,法人税法施行規則,340M50000040012,Sp_令和二年六月三〇日財務省令第五六号-At_2-Pr_2
,法人税法施行規則,340M50000040012,Sp_令和二年六月三〇日財務省令第五六号-At_2-Pr_2
,減価償却資産の耐用年数等に関する省令,340M50000040015,Sp_令和二年六月三〇日財務省令第五六号-At_2-Pr_2
,減価償却資産の耐用年数等に関する省令,340M50000040015,Sp_令和二年六月三〇日財務省令第五六号-At_2-Pr_2
,租税条約等の実施に伴う所得税法、法人税法及び地方税法の特例等に関する法律の施行に関する省令,344M50000048001,Sp_令和二年六月三〇日財務省令第五六号-At_2-Pr_2
,租税条約等の実施に伴う所得税法、法人税法及び地方税法の特例等に関する法律の施行に関する省令,344M50000048001,Sp_令和二年六月三〇日財務省令第五六号-At_2-Pr_2
,災害弔慰金の支給等に関する法律施行令,348CO0000000374,Sp_平成二八年五月二五日政令第二二六号-At_2-Pr_1
,災害弔慰金の支給等に関する法律施行令,348CO0000000374,Sp_平成二八年五月二五日政令第二二六号-At_2-Pr_1
Mp-At_30-Pr_1,災害弔慰金の支給等に関する法律施行令,348CO0000000374,Sp_平成二八年五月二五日政令第二二六号-At_2-Pr_1
Mp-At_30-Pr_1-It_1,災害弔慰金の支給等に関する法律施行令,348CO0000000374,Sp_平成二八年五月二五日政令第二二六号-At_2-Pr_1
Mp-At_30-Pr_1-It_3,災害弔慰金の支給等に関する法律施行令,348CO0000000374,Sp_平成二八年五月二五日政令第二二六号-At_2-Pr_1
Mp-At_31-Pr_1,災害弔慰金の支給等に関する法律施行令,348CO0000000374,Sp_平成二八年五月二五日政令第二二六号-At_2-Pr_2
Mp-At_31-Pr_1,災害弔慰金の支給等に関する法律施行令,348CO0000000374,Sp_平成二八年五月二五日政令第二二六号-At_2-Pr_2
Mp-At_31-Pr_1,災害弔慰金の支給等に関する法律施行令,348CO0000000374,Sp_平成二八年五月二五日政令第二二六号-At_2-Pr_2
Mp-At_32-Pr_7,災害弔慰金の支給等に関する法律施行令,348CO0000000374,Sp_平成二八年五月二五日政令第二二六号-At_2-Pr_3
Mp-At_32-Pr_7-It_1,災害弔慰金の支給等に関する法律施行令,348CO0000000374,Sp_平成二八年五月二五日政令第二二六号-At_2-Pr_3
,租税条約等の実施に伴う所得税法、法人税法及び地方税法の特例等に関する法律施行令,362CO0000000335,Sp_令和二年六月二六日政令第二〇七号-At_2-Pr_2
Mp-At_13,租税条約等の実施に伴う所得税法、法人税法及び地方税法の特例等に関する法律施行令,362CO0000000335,Sp_令和二年六月二六日政令第二〇七号-At_2-Pr_2
,東日本大震災の被災者等に係る国税関係法律の臨時特例に関する法律施行令,423CO0000000112,Sp_令和二年六月二六日政令第二〇七号-At_2-Pr_2
Mp-At_13,東日本大震災の被災者等に係る国税関係法律の臨時特例に関する法律施行令,423CO0000000112,Sp_令和二年六月二六日政令第二〇七号-At_2-Pr_2
,東日本大震災の被災者等に係る国税関係法律の臨時特例に関する法律施行規則,423M60000040020,Sp_令和二年六月三〇日財務省令第五六号-At_2-Pr_2
,東日本大震災の被災者等に係る国税関係法律の臨時特例に関する法律施行規則,423M60000040020,Sp_令和二年六月三〇日財務省令第五六号-At_2-Pr_2
,復興特別所得税に関する政令,424CO0000000016,Mp-At_13-Pr_1
,復興特別所得税に関する政令,424CO0000000016,Mp-At_13-Pr_1
,復興特別所得税に関する政令,424CO0000000016,Mp-At_13-Pr_2
,復興特別所得税に関する省令,424M60000040006,Mp-At_8-Pr_3-It_1
,復興特別所得税に関する省令,424M60000040006,Mp-At_8-Pr_3-It_1
Mp-At_20,復興特別所得税に関する省令,424M60000040006,Mp-At_8-Pr_3-It_1
,地方法人税法施行令,426CO0000000139,Sp_令和二年六月二六日政令第二〇七号-At_2-Pr_2
Mp-At_13,地方法人税法施行令,426CO0000000139,Sp_令和二年六月二六日政令第二〇七号-At_2-Pr_2
,地方法人税法施行規則,426M60000040022,Sp_令和二年六月三〇日財務省令第五六号-At_2-Pr_2
,地方法人税法施行規則,426M60000040022,Sp_令和二年六月三〇日財務省令第五六号-At_2-Pr_2
,外国居住者等の所得に対する相互主義による所得税等の非課税等に関する法律施行規則,428M60000048005,Es
,外国居住者等の所得に対する相互主義による所得税等の非課税等に関する法律施行規則,428M60000048005,Es
,外国居住者等の所得に対する相互主義による所得税等の非課税等に関する法律施行規則,428M60000048005,Mp-At_2-Pr_1
,外国居住者等の所得に対する相互主義による所得税等の非課税等に関する法律施行規則,428M60000048005,Mp-At_2-Pr_1
Mp-At_4-Pr_4,外国居住者等の所得に対する相互主義による所得税等の非課税等に関する法律施行規則,428M60000048005,Mp-At_2-Pr_1
Mp-At_4-Pr_4,外国居住者等の所得に対する相互主義による所得税等の非課税等に関する法律施行規則,428M60000048005,Mp-At_2-Pr_1
Mp-At_9_10,外国居住者等の所得に対する相互主義による所得税等の非課税等に関する法律施行規則,428M60000048005,Mp-At_3-Pr_2
Mp-At_9_10-Pr_1,外国居住者等の所得に対する相互主義による所得税等の非課税等に関する法律施行規則,428M60000048005,Mp-At_3-Pr_2
Mp-At_9_10-Pr_3,外国居住者等の所得に対する相互主義による所得税等の非課税等に関する法律施行規則,428M60000048005,Mp-At_3-Pr_2
Mp-At_2-Pr_1,外国居住者等の所得に対する相互主義による所得税等の非課税等に関する法律施行規則,428M60000048005,Mp-At_6-Pr_1
Mp-At_2-Pr_1,外国居住者等の所得に対する相互主義による所得税等の非課税等に関する法律施行規則,428M60000048005,Mp-At_6-Pr_1
Mp-At_2-Pr_13,外国居住者等の所得に対する相互主義による所得税等の非課税等に関する法律施行規則,428M60000048005,Mp-At_6-Pr_1
Mp-At_2,外国居住者等の所得に対する相互主義による所得税等の非課税等に関する法律施行規則,428M60000048005,Mp-At_6-Pr_1
Mp-At_2_2-Pr_1,外国居住者等の所得に対する相互主義による所得税等の非課税等に関する法律施行規則,428M60000048005,Mp-At_6-Pr_2
Mp-At_2_2-Pr_1-It_1,外国居住者等の所得に対する相互主義による所得税等の非課税等に関する法律施行規則,428M60000048005,Mp-At_6-Pr_2
Mp-At_2_2-Pr_1-It_3,外国居住者等の所得に対する相互主義による所得税等の非課税等に関する法律施行規則,428M60000048005,Mp-At_6-Pr_2
Mp-At_2_2-Pr_4,外国居住者等の所得に対する相互主義による所得税等の非課税等に関する法律施行規則,428M60000048005,Mp-At_6-Pr_2
Mp-At_2_2-Pr_9,外国居住者等の所得に対する相互主義による所得税等の非課税等に関する法律施行規則,428M60000048005,Mp-At_6-Pr_2
Mp-At_2_2-Pr_9-It_1,外国居住者等の所得に対する相互主義による所得税等の非課税等に関する法律施行規則,428M60000048005,Mp-At_6-Pr_2
Mp-At_2_2-Pr_9-It_3,外国居住者等の所得に対する相互主義による所得税等の非課税等に関する法律施行規則,428M60000048005,Mp-At_6-Pr_2
Mp-At_2_2-Pr_9-It_5,外国居住者等の所得に対する相互主義による所得税等の非課税等に関する法律施行規則,428M60000048005,Mp-At_6-Pr_2
Mp-At_2_2-Pr_9-It_6,外国居住者等の所得に対する相互主義による所得税等の非課税等に関する法律施行規則,428M60000048005,Mp-At_6-Pr_2
Mp-At_2_2-Pr_12,外国居住者等の所得に対する相互主義による所得税等の非課税等に関する法律施行規則,428M60000048005,Mp-At_6-Pr_2
Mp-At_2_2,外国居住者等の所得に対する相互主義による所得税等の非課税等に関する法律施行規則,428M60000048005,Mp-At_6-Pr_2
Mp-At_2_3-Pr_1,外国居住者等の所得に対する相互主義による所得税等の非課税等に関する法律施行規則,428M60000048005,Mp-At_6-Pr_3
Mp-At_2_3-Pr_1-It_1,外国居住者等の所得に対する相互主義による所得税等の非課税等に関する法律施行規則,428M60000048005,Mp-At_6-Pr_3
Mp-At_2_3-Pr_1-It_10,外国居住者等の所得に対する相互主義による所得税等の非課税等に関する法律施行規則,428M60000048005,Mp-At_6-Pr_3
Mp-At_2_3-Pr_4,外国居住者等の所得に対する相互主義による所得税等の非課税等に関する法律施行規則,428M60000048005,Mp-At_6-Pr_3
Mp-At_2_3-Pr_7,外国居住者等の所得に対する相互主義による所得税等の非課税等に関する法律施行規則,428M60000048005,Mp-At_6-Pr_3
Mp-At_2_3-Pr_8,外国居住者等の所得に対する相互主義による所得税等の非課税等に関する法律施行規則,428M60000048005,Mp-At_6-Pr_3
Mp-At_2_3-Pr_8,外国居住者等の所得に対する相互主義による所得税等の非課税等に関する法律施行規則,428M60000048005,Mp-At_6-Pr_3
Mp-At_2_3-Pr_11,外国居住者等の所得に対する相互主義による所得税等の非課税等に関する法律施行規則,428M60000048005,Mp-At_6-Pr_3
Mp-At_2_3-Pr_16,外国居住者等の所得に対する相互主義による所得税等の非課税等に関する法律施行規則,428M60000048005,Mp-At_6-Pr_3
Mp-At_2_3-Pr_17,外国居住者等の所得に対する相互主義による所得税等の非課税等に関する法律施行規則,428M60000048005,Mp-At_6-Pr_3
Mp-At_2_3,外国居住者等の所得に対する相互主義による所得税等の非課税等に関する法律施行規則,428M60000048005,Mp-At_6-Pr_3
Mp-At_2_4-Pr_1,外国居住者等の所得に対する相互主義による所得税等の非課税等に関する法律施行規則,428M60000048005,Mp-At_6-Pr_4
Mp-At_2_4-Pr_1-It_1,外国居住者等の所得に対する相互主義による所得税等の非課税等に関する法律施行規則,428M60000048005,Mp-At_6-Pr_4
Mp-At_2_4-Pr_1-It_10,外国居住者等の所得に対する相互主義による所得税等の非課税等に関する法律施行規則,428M60000048005,Mp-At_6-Pr_4
Mp-At_2_4-Pr_4,外国居住者等の所得に対する相互主義による所得税等の非課税等に関する法律施行規則,428M60000048005,Mp-At_6-Pr_4
Mp-At_2_4-Pr_7,外国居住者等の所得に対する相互主義による所得税等の非課税等に関する法律施行規則,428M60000048005,Mp-At_6-Pr_4
Mp-At_2_4-Pr_8,外国居住者等の所得に対する相互主義による所得税等の非課税等に関する法律施行規則,428M60000048005,Mp-At_6-Pr_4
Mp-At_2_4-Pr_8,外国居住者等の所得に対する相互主義による所得税等の非課税等に関する法律施行規則,428M60000048005,Mp-At_6-Pr_4
Mp-At_2_4-Pr_11,外国居住者等の所得に対する相互主義による所得税等の非課税等に関する法律施行規則,428M60000048005,Mp-At_6-Pr_4
Mp-At_2_4-Pr_16,外国居住者等の所得に対する相互主義による所得税等の非課税等に関する法律施行規則,428M60000048005,Mp-At_6-Pr_4
Mp-At_2_4-Pr_17,外国居住者等の所得に対する相互主義による所得税等の非課税等に関する法律施行規則,428M60000048005,Mp-At_6-Pr_4
Mp-At_2_4,外国居住者等の所得に対する相互主義による所得税等の非課税等に関する法律施行規則,428M60000048005,Mp-At_6-Pr_4
Mp-At_2_5-Pr_1,外国居住者等の所得に対する相互主義による所得税等の非課税等に関する法律施行規則,428M60000048005,Mp-At_6-Pr_5
Mp-At_2_5-Pr_1-It_1,外国居住者等の所得に対する相互主義による所得税等の非課税等に関する法律施行規則,428M60000048005,Mp-At_6-Pr_5
Mp-At_2_5-Pr_12,外国居住者等の所得に対する相互主義による所得税等の非課税等に関する法律施行規則,428M60000048005,Mp-At_6-Pr_5
Mp-At_2_5-Pr_17,外国居住者等の所得に対する相互主義による所得税等の非課税等に関する法律施行規則,428M60000048005,Mp-At_6-Pr_5
Mp-At_2_5-Pr_18,外国居住者等の所得に対する相互主義による所得税等の非課税等に関する法律施行規則,428M60000048005,Mp-At_6-Pr_5
Mp-At_2_5,外国居住者等の所得に対する相互主義による所得税等の非課税等に関する法律施行規則,428M60000048005,Mp-At_6-Pr_5
Mp-At_9_10,外国居住者等の所得に対する相互主義による所得税等の非課税等に関する法律施行規則,428M60000048005,Mp-At_6-Pr_6
Mp-At_9_10,外国居住者等の所得に対する相互主義による所得税等の非課税等に関する法律施行規則,428M60000048005,Mp-At_6-Pr_6
Mp-At_6-Pr_2,外国居住者等の所得に対する相互主義による所得税等の非課税等に関する法律施行規則,428M60000048005,Mp-At_6-Pr_6
Mp-At_6-Pr_3,外国居住者等の所得に対する相互主義による所得税等の非課税等に関する法律施行規則,428M60000048005,Mp-At_6-Pr_6
Mp-At_6-Pr_4,外国居住者等の所得に対する相互主義による所得税等の非課税等に関する法律施行規則,428M60000048005,Mp-At_6-Pr_6
Mp-At_6-Pr_5,外国居住者等の所得に対する相互主義による所得税等の非課税等に関する法律施行規則,428M60000048005,Mp-At_6-Pr_6
Mp-At_6-Pr_2,外国居住者等の所得に対する相互主義による所得税等の非課税等に関する法律施行規則,428M60000048005,Mp-At_6-Pr_6
Mp-At_6-Pr_3,外国居住者等の所得に対する相互主義による所得税等の非課税等に関する法律施行規則,428M60000048005,Mp-At_6-Pr_6
Mp-At_6-Pr_4,外国居住者等の所得に対する相互主義による所得税等の非課税等に関する法律施行規則,428M60000048005,Mp-At_6-Pr_6
Mp-At_6-Pr_5,外国居住者等の所得に対する相互主義による所得税等の非課税等に関する法律施行規則,428M60000048005,Mp-At_6-Pr_6
Mp-At_3,外国居住者等の所得に対する相互主義による所得税等の非課税等に関する法律施行規則,428M60000048005,Mp-At_6-Pr_7
Mp-At_3,外国居住者等の所得に対する相互主義による所得税等の非課税等に関する法律施行規則,428M60000048005,Mp-At_6-Pr_7
Mp-At_3,外国居住者等の所得に対する相互主義による所得税等の非課税等に関する法律施行規則,428M60000048005,Mp-At_6-Pr_7
Mp-At_6-Pr_2,外国居住者等の所得に対する相互主義による所得税等の非課税等に関する法律施行規則,428M60000048005,Mp-At_6-Pr_7
Mp-At_6-Pr_3,外国居住者等の所得に対する相互主義による所得税等の非課税等に関する法律施行規則,428M60000048005,Mp-At_6-Pr_7
Mp-At_6-Pr_4,外国居住者等の所得に対する相互主義による所得税等の非課税等に関する法律施行規則,428M60000048005,Mp-At_6-Pr_7
Mp-At_6-Pr_5,外国居住者等の所得に対する相互主義による所得税等の非課税等に関する法律施行規則,428M60000048005,Mp-At_6-Pr_7
Mp-At_3_2-Pr_1,外国居住者等の所得に対する相互主義による所得税等の非課税等に関する法律施行規則,428M60000048005,Mp-At_6-Pr_8
Mp-At_3_2-Pr_2,外国居住者等の所得に対する相互主義による所得税等の非課税等に関する法律施行規則,428M60000048005,Mp-At_6-Pr_8
Mp-At_3_2,外国居住者等の所得に対する相互主義による所得税等の非課税等に関する法律施行規則,428M60000048005,Mp-At_6-Pr_8
Mp-At_3_3-Pr_1,外国居住者等の所得に対する相互主義による所得税等の非課税等に関する法律施行規則,428M60000048005,Mp-At_6-Pr_9
Mp-At_3_3-Pr_2,外国居住者等の所得に対する相互主義による所得税等の非課税等に関する法律施行規則,428M60000048005,Mp-At_6-Pr_9
Mp-At_3_3-Pr_3,外国居住者等の所得に対する相互主義による所得税等の非課税等に関する法律施行規則,428M60000048005,Mp-At_6-Pr_9
Mp-At_3_3-Pr_4,外国居住者等の所得に対する相互主義による所得税等の非課税等に関する法律施行規則,428M60000048005,Mp-At_6-Pr_9
Mp-At_3_3-Pr_5,外国居住者等の所得に対する相互主義による所得税等の非課税等に関する法律施行規則,428M60000048005,Mp-At_6-Pr_9
Mp-At_3_3,外国居住者等の所得に対する相互主義による所得税等の非課税等に関する法律施行規則,428M60000048005,Mp-At_6-Pr_9
Mp-At_3_3,外国居住者等の所得に対する相互主義による所得税等の非課税等に関する法律施行規則,428M60000048005,Mp-At_6-Pr_9
,外国居住者等の所得に対する相互主義による所得税等の非課税等に関する法律施行規則,428M60000048005,Mp-At_6-Pr_9
Mp-At_7-Pr_10,外国居住者等の所得に対する相互主義による所得税等の非課税等に関する法律施行規則,428M60000048005,Mp-At_6-Pr_9
Mp-At_7-Pr_17-It_3,外国居住者等の所得に対する相互主義による所得税等の非課税等に関する法律施行規則,428M60000048005,Mp-At_6-Pr_9
,外国居住者等の所得に対する相互主義による所得税等の非課税等に関する法律施行規則,428M60000048005,Mp-At_6-Pr_9
Mp-At_15-Pr_14,外国居住者等の所得に対する相互主義による所得税等の非課税等に関する法律施行規則,428M60000048005,Mp-At_6-Pr_9
,外国居住者等の所得に対する相互主義による所得税等の非課税等に関する法律施行規則,428M60000048005,Mp-At_6-Pr_9
Mp-At_7-Pr_11-It_3,外国居住者等の所得に対する相互主義による所得税等の非課税等に関する法律施行規則,428M60000048005,Mp-At_6-Pr_9
,外国居住者等の所得に対する相互主義による所得税等の非課税等に関する法律施行規則,428M60000048005,Mp-At_6-Pr_9
Mp-At_7-Pr_12,外国居住者等の所得に対する相互主義による所得税等の非課税等に関する法律施行規則,428M60000048005,Mp-At_6-Pr_9
Mp-At_7-Pr_19-It_4,外国居住者等の所得に対する相互主義による所得税等の非課税等に関する法律施行規則,428M60000048005,Mp-At_6-Pr_9
,外国居住者等の所得に対する相互主義による所得税等の非課税等に関する法律施行規則,428M60000048005,Mp-At_6-Pr_9
Mp-At_15-Pr_15,外国居住者等の所得に対する相互主義による所得税等の非課税等に関する法律施行規則,428M60000048005,Mp-At_6-Pr_9
,外国居住者等の所得に対する相互主義による所得税等の非課税等に関する法律施行規則,428M60000048005,Mp-At_6-Pr_9
Mp-At_7-Pr_13-It_4,外国居住者等の所得に対する相互主義による所得税等の非課税等に関する法律施行規則,428M60000048005,Mp-At_6-Pr_9
,外国居住者等の所得に対する相互主義による所得税等の非課税等に関する法律施行規則,428M60000048005,Mp-At_6-Pr_9
Mp-At_7-Pr_14,外国居住者等の所得に対する相互主義による所得税等の非課税等に関する法律施行規則,428M60000048005,Mp-At_6-Pr_9
Mp-At_7-Pr_21-It_4,外国居住者等の所得に対する相互主義による所得税等の非課税等に関する法律施行規則,428M60000048005,Mp-At_6-Pr_9
,外国居住者等の所得に対する相互主義による所得税等の非課税等に関する法律施行規則,428M60000048005,Mp-At_6-Pr_9
Mp-At_15-Pr_16,外国居住者等の所得に対する相互主義による所得税等の非課税等に関する法律施行規則,428M60000048005,Mp-At_6-Pr_9
,外国居住者等の所得に対する相互主義による所得税等の非課税等に関する法律施行規則,428M60000048005,Mp-At_6-Pr_9
Mp-At_7-Pr_15-It_4,外国居住者等の所得に対する相互主義による所得税等の非課税等に関する法律施行規則,428M60000048005,Mp-At_6-Pr_9
,外国居住者等の所得に対する相互主義による所得税等の非課税等に関する法律施行規則,428M60000048005,Mp-At_6-Pr_9
Mp-At_7-Pr_16,外国居住者等の所得に対する相互主義による所得税等の非課税等に関する法律施行規則,428M60000048005,Mp-At_6-Pr_9
Mp-At_7-Pr_23-It_4,外国居住者等の所得に対する相互主義による所得税等の非課税等に関する法律施行規則,428M60000048005,Mp-At_6-Pr_9
,外国居住者等の所得に対する相互主義による所得税等の非課税等に関する法律施行規則,428M60000048005,Mp-At_6-Pr_9
Mp-At_15-Pr_17,外国居住者等の所得に対する相互主義による所得税等の非課税等に関する法律施行規則,428M60000048005,Mp-At_6-Pr_9
,外国居住者等の所得に対する相互主義による所得税等の非課税等に関する法律施行規則,428M60000048005,Mp-At_6-Pr_9
Mp-At_7-Pr_17-It_4,外国居住者等の所得に対する相互主義による所得税等の非課税等に関する法律施行規則,428M60000048005,Mp-At_6-Pr_9
,外国居住者等の所得に対する相互主義による所得税等の非課税等に関する法律施行規則,428M60000048005,Mp-At_6-Pr_9
Mp-At_7-Pr_18,外国居住者等の所得に対する相互主義による所得税等の非課税等に関する法律施行規則,428M60000048005,Mp-At_6-Pr_9
Mp-At_7-Pr_25-It_4,外国居住者等の所得に対する相互主義による所得税等の非課税等に関する法律施行規則,428M60000048005,Mp-At_6-Pr_9
,外国居住者等の所得に対する相互主義による所得税等の非課税等に関する法律施行規則,428M60000048005,Mp-At_6-Pr_9
Mp-At_15-Pr_18,外国居住者等の所得に対する相互主義による所得税等の非課税等に関する法律施行規則,428M60000048005,Mp-At_6-Pr_9
,外国居住者等の所得に対する相互主義による所得税等の非課税等に関する法律施行規則,428M60000048005,Mp-At_6-Pr_9
Mp-At_7-Pr_19-It_4,外国居住者等の所得に対する相互主義による所得税等の非課税等に関する法律施行規則,428M60000048005,Mp-At_6-Pr_9
Mp-At_14-Pr_1-It_2,外国居住者等の所得に対する相互主義による所得税等の非課税等に関する法律施行規則,428M60000048005,Mp-At_6-Pr_10
Mp-At_3_4,外国居住者等の所得に対する相互主義による所得税等の非課税等に関する法律施行規則,428M60000048005,Mp-At_7-Pr_1
Mp-At_17-Pr_2,外国居住者等の所得に対する相互主義による所得税等の非課税等に関する法律施行規則,428M60000048005,Mp-At_7-Pr_1
Mp-At_3_4,外国居住者等の所得に対する相互主義による所得税等の非課税等に関する法律施行規則,428M60000048005,Mp-At_7-Pr_1
,外国居住者等の所得に対する相互主義による所得税等の非課税等に関する法律施行規則,428M60000048005,Mp-At_7-Pr_1
,外国居住者等の所得に対する相互主義による所得税等の非課税等に関する法律施行規則,428M60000048005,Mp-At_7-Pr_1
Mp-At_17-Pr_1-It_2,外国居住者等の所得に対する相互主義による所得税等の非課税等に関する法律施行規則,428M60000048005,Mp-At_7-Pr_1
Mp-At_17-Pr_1-It_2,外国居住者等の所得に対する相互主義による所得税等の非課税等に関する法律施行規則,428M60000048005,Mp-At_7-Pr_1
Mp-At_17-Pr_1,外国居住者等の所得に対する相互主義による所得税等の非課税等に関する法律施行規則,428M60000048005,Mp-At_7-Pr_1
Mp-At_3-Pr_2,外国居住者等の所得に対する相互主義による所得税等の非課税等に関する法律施行規則,428M60000048005,Mp-At_7-Pr_1
Mp-At_17-Pr_2,外国居住者等の所得に対する相互主義による所得税等の非課税等に関する法律施行規則,428M60000048005,Mp-At_7-Pr_1
Mp-At_17-Pr_2-It_2,外国居住者等の所得に対する相互主義による所得税等の非課税等に関する法律施行規則,428M60000048005,Mp-At_7-Pr_1
Mp-At_17-Pr_2-It_2,外国居住者等の所得に対する相互主義による所得税等の非課税等に関する法律施行規則,428M60000048005,Mp-At_7-Pr_1
Mp-At_17-Pr_2,外国居住者等の所得に対する相互主義による所得税等の非課税等に関する法律施行規則,428M60000048005,Mp-At_7-Pr_1
Mp-At_9_10,外国居住者等の所得に対する相互主義による所得税等の非課税等に関する法律施行規則,428M60000048005,Mp-At_7-Pr_2
Mp-At_9_10-Pr_1,外国居住者等の所得に対する相互主義による所得税等の非課税等に関する法律施行規則,428M60000048005,Mp-At_7-Pr_2
Mp-At_9_10-Pr_3,外国居住者等の所得に対する相互主義による所得税等の非課税等に関する法律施行規則,428M60000048005,Mp-At_7-Pr_2
Mp-At_9-Pr_1,外国居住者等の所得に対する相互主義による所得税等の非課税等に関する法律施行規則,428M60000048005,Mp-At_8-Pr_1
Mp-At_9-Pr_2,外国居住者等の所得に対する相互主義による所得税等の非課税等に関する法律施行規則,428M60000048005,Mp-At_8-Pr_1
Mp-At_9-Pr_5,外国居住者等の所得に対する相互主義による所得税等の非課税等に関する法律施行規則,428M60000048005,Mp-At_8-Pr_1
Mp-At_9,外国居住者等の所得に対する相互主義による所得税等の非課税等に関する法律施行規則,428M60000048005,Mp-At_8-Pr_1
Mp-At_4-Pr_1,外国居住者等の所得に対する相互主義による所得税等の非課税等に関する法律施行規則,428M60000048005,Mp-At_9-Pr_1
Mp-At_4-Pr_3,外国居住者等の所得に対する相互主義による所得税等の非課税等に関する法律施行規則,428M60000048005,Mp-At_9-Pr_1
Mp-At_4-Pr_5,外国居住者等の所得に対する相互主義による所得税等の非課税等に関する法律施行規則,428M60000048005,Mp-At_9-Pr_1
Mp-At_4-Pr_6,外国居住者等の所得に対する相互主義による所得税等の非課税等に関する法律施行規則,428M60000048005,Mp-At_9-Pr_1
Mp-At_4-Pr_9,外国居住者等の所得に対する相互主義による所得税等の非課税等に関する法律施行規則,428M60000048005,Mp-At_9-Pr_1
Mp-At_4-Pr_16,外国居住者等の所得に対する相互主義による所得税等の非課税等に関する法律施行規則,428M60000048005,Mp-At_9-Pr_1
Mp-At_4,外国居住者等の所得に対する相互主義による所得税等の非課税等に関する法律施行規則,428M60000048005,Mp-At_9-Pr_1
Mp-At_20,外国居住者等の所得に対する相互主義による所得税等の非課税等に関する法律施行規則,428M60000048005,Mp-At_10-Pr_2
Mp-At_5-Pr_1,外国居住者等の所得に対する相互主義による所得税等の非課税等に関する法律施行規則,428M60000048005,Mp-At_11-Pr_1
Mp-At_5-Pr_2,外国居住者等の所得に対する相互主義による所得税等の非課税等に関する法律施行規則,428M60000048005,Mp-At_11-Pr_1
Mp-At_5-Pr_5,外国居住者等の所得に対する相互主義による所得税等の非課税等に関する法律施行規則,428M60000048005,Mp-At_11-Pr_1
Mp-At_5,外国居住者等の所得に対する相互主義による所得税等の非課税等に関する法律施行規則,428M60000048005,Mp-At_11-Pr_1
Mp-At_22,外国居住者等の所得に対する相互主義による所得税等の非課税等に関する法律施行規則,428M60000048005,Mp-At_12-Pr_2
Mp-At_20,外国居住者等の所得に対する相互主義による所得税等の非課税等に関する法律施行規則,428M60000048005,Mp-At_12-Pr_2
Mp-At_8-Pr_1,外国居住者等の所得に対する相互主義による所得税等の非課税等に関する法律施行規則,428M60000048005,Mp-At_13-Pr_1
Mp-At_8-Pr_5,外国居住者等の所得に対する相互主義による所得税等の非課税等に関する法律施行規則,428M60000048005,Mp-At_13-Pr_1
Mp-At_8-Pr_10,外国居住者等の所得に対する相互主義による所得税等の非課税等に関する法律施行規則,428M60000048005,Mp-At_13-Pr_1
Mp-At_8,外国居住者等の所得に対する相互主義による所得税等の非課税等に関する法律施行規則,428M60000048005,Mp-At_13-Pr_1
Mp-At_14_2,外国居住者等の所得に対する相互主義による所得税等の非課税等に関する法律施行規則,428M60000048005,Mp-At_13_2-Pr_1
Mp-At_4-Pr_1,外国居住者等の所得に対する相互主義による所得税等の非課税等に関する法律施行規則,428M60000048005,Mp-At_13_2-Pr_1
Mp-At_4-Pr_9,外国居住者等の所得に対する相互主義による所得税等の非課税等に関する法律施行規則,428M60000048005,Mp-At_13_2-Pr_1
Mp-At_4-Pr_12,外国居住者等の所得に対する相互主義による所得税等の非課税等に関する法律施行規則,428M60000048005,Mp-At_13_2-Pr_1
Mp-At_4-Pr_13,外国居住者等の所得に対する相互主義による所得税等の非課税等に関する法律施行規則,428M60000048005,Mp-At_13_2-Pr_1
Mp-At_4-Pr_16,外国居住者等の所得に対する相互主義による所得税等の非課税等に関する法律施行規則,428M60000048005,Mp-At_13_2-Pr_1
Mp-At_6-Pr_1,外国居住者等の所得に対する相互主義による所得税等の非課税等に関する法律施行規則,428M60000048005,Mp-At_13_2-Pr_1
Mp-At_6-Pr_2,外国居住者等の所得に対する相互主義による所得税等の非課税等に関する法律施行規則,428M60000048005,Mp-At_13_2-Pr_1
Mp-At_6-Pr_5,外国居住者等の所得に対する相互主義による所得税等の非課税等に関する法律施行規則,428M60000048005,Mp-At_13_2-Pr_1
Mp-At_9-Pr_1,外国居住者等の所得に対する相互主義による所得税等の非課税等に関する法律施行規則,428M60000048005,Mp-At_13_2-Pr_1
Mp-At_9-Pr_2,外国居住者等の所得に対する相互主義による所得税等の非課税等に関する法律施行規則,428M60000048005,Mp-At_13_2-Pr_1
Mp-At_9-Pr_5,外国居住者等の所得に対する相互主義による所得税等の非課税等に関する法律施行規則,428M60000048005,Mp-At_13_2-Pr_1
Mp-At_3-Pr_2,外国居住者等の所得に対する相互主義による所得税等の非課税等に関する法律施行規則,428M60000048005,Mp-At_13_2-Pr_1
Mp-At_9_10-Pr_1,外国居住者等の所得に対する相互主義による所得税等の非課税等に関する法律施行規則,428M60000048005,Mp-At_13_2-Pr_1
Mp-At_6-Pr_1,外国居住者等の所得に対する相互主義による所得税等の非課税等に関する法律施行規則,428M60000048005,Mp-At_13_2-Pr_1
Mp-At_2-Pr_1,外国居住者等の所得に対する相互主義による所得税等の非課税等に関する法律施行規則,428M60000048005,Mp-At_13_2-Pr_1
Mp-At_2-Pr_2,外国居住者等の所得に対する相互主義による所得税等の非課税等に関する法律施行規則,428M60000048005,Mp-At_13_2-Pr_1
Mp-At_2-Pr_5,外国居住者等の所得に対する相互主義による所得税等の非課税等に関する法律施行規則,428M60000048005,Mp-At_13_2-Pr_1
Mp-At_2-Pr_6,外国居住者等の所得に対する相互主義による所得税等の非課税等に関する法律施行規則,428M60000048005,Mp-At_13_2-Pr_1
Mp-At_2-Pr_10,外国居住者等の所得に対する相互主義による所得税等の非課税等に関する法律施行規則,428M60000048005,Mp-At_13_2-Pr_1
Mp-At_2_2-Pr_1,外国居住者等の所得に対する相互主義による所得税等の非課税等に関する法律施行規則,428M60000048005,Mp-At_13_2-Pr_1
Mp-At_2_2-Pr_2,外国居住者等の所得に対する相互主義による所得税等の非課税等に関する法律施行規則,428M60000048005,Mp-At_13_2-Pr_1
Mp-At_2_2-Pr_4,外国居住者等の所得に対する相互主義による所得税等の非課税等に関する法律施行規則,428M60000048005,Mp-At_13_2-Pr_1
Mp-At_2_2-Pr_5,外国居住者等の所得に対する相互主義による所得税等の非課税等に関する法律施行規則,428M60000048005,Mp-At_13_2-Pr_1
Mp-At_2_2-Pr_9,外国居住者等の所得に対する相互主義による所得税等の非課税等に関する法律施行規則,428M60000048005,Mp-At_13_2-Pr_1
Mp-At_2_3-Pr_1,外国居住者等の所得に対する相互主義による所得税等の非課税等に関する法律施行規則,428M60000048005,Mp-At_13_2-Pr_1
Mp-At_2_3-Pr_2,外国居住者等の所得に対する相互主義による所得税等の非課税等に関する法律施行規則,428M60000048005,Mp-At_13_2-Pr_1
Mp-At_2_3-Pr_4,外国居住者等の所得に対する相互主義による所得税等の非課税等に関する法律施行規則,428M60000048005,Mp-At_13_2-Pr_1
Mp-At_2_3-Pr_5,外国居住者等の所得に対する相互主義による所得税等の非課税等に関する法律施行規則,428M60000048005,Mp-At_13_2-Pr_1
Mp-At_2_3-Pr_7,外国居住者等の所得に対する相互主義による所得税等の非課税等に関する法律施行規則,428M60000048005,Mp-At_13_2-Pr_1
Mp-At_2_3-Pr_14,外国居住者等の所得に対する相互主義による所得税等の非課税等に関する法律施行規則,428M60000048005,Mp-At_13_2-Pr_1
Mp-At_2_3-Pr_15,外国居住者等の所得に対する相互主義による所得税等の非課税等に関する法律施行規則,428M60000048005,Mp-At_13_2-Pr_1
Mp-At_2_3-Pr_18,外国居住者等の所得に対する相互主義による所得税等の非課税等に関する法律施行規則,428M60000048005,Mp-At_13_2-Pr_1
Mp-At_6-Pr_4,外国居住者等の所得に対する相互主義による所得税等の非課税等に関する法律施行規則,428M60000048005,Mp-At_13_2-Pr_1
Mp-At_2_4-Pr_1,外国居住者等の所得に対する相互主義による所得税等の非課税等に関する法律施行規則,428M60000048005,Mp-At_13_2-Pr_1
Mp-At_2_4-Pr_2,外国居住者等の所得に対する相互主義による所得税等の非課税等に関する法律施行規則,428M60000048005,Mp-At_13_2-Pr_1
Mp-At_2_4-Pr_4,外国居住者等の所得に対する相互主義による所得税等の非課税等に関する法律施行規則,428M60000048005,Mp-At_13_2-Pr_1
Mp-At_2_4-Pr_5,外国居住者等の所得に対する相互主義による所得税等の非課税等に関する法律施行規則,428M60000048005,Mp-At_13_2-Pr_1
Mp-At_2_4-Pr_7,外国居住者等の所得に対する相互主義による所得税等の非課税等に関する法律施行規則,428M60000048005,Mp-At_13_2-Pr_1
Mp-At_2_4-Pr_14,外国居住者等の所得に対する相互主義による所得税等の非課税等に関する法律施行規則,428M60000048005,Mp-At_13_2-Pr_1
Mp-At_2_4-Pr_15,外国居住者等の所得に対する相互主義による所得税等の非課税等に関する法律施行規則,428M60000048005,Mp-At_13_2-Pr_1
Mp-At_2_4-Pr_18,外国居住者等の所得に対する相互主義による所得税等の非課税等に関する法律施行規則,428M60000048005,Mp-At_13_2-Pr_1
Mp-At_6-Pr_5,外国居住者等の所得に対する相互主義による所得税等の非課税等に関する法律施行規則,428M60000048005,Mp-At_13_2-Pr_1
Mp-At_2_5-Pr_1,外国居住者等の所得に対する相互主義による所得税等の非課税等に関する法律施行規則,428M60000048005,Mp-At_13_2-Pr_1
Mp-At_2_5-Pr_2,外国居住者等の所得に対する相互主義による所得税等の非課税等に関する法律施行規則,428M60000048005,Mp-At_13_2-Pr_1
Mp-At_2_5-Pr_4,外国居住者等の所得に対する相互主義による所得税等の非課税等に関する法律施行規則,428M60000048005,Mp-At_13_2-Pr_1
Mp-At_2_5-Pr_5,外国居住者等の所得に対する相互主義による所得税等の非課税等に関する法律施行規則,428M60000048005,Mp-At_13_2-Pr_1
Mp-At_2_5-Pr_7,外国居住者等の所得に対する相互主義による所得税等の非課税等に関する法律施行規則,428M60000048005,Mp-At_13_2-Pr_1
Mp-At_2_5-Pr_15,外国居住者等の所得に対する相互主義による所得税等の非課税等に関する法律施行規則,428M60000048005,Mp-At_13_2-Pr_1
Mp-At_2_5-Pr_16,外国居住者等の所得に対する相互主義による所得税等の非課税等に関する法律施行規則,428M60000048005,Mp-At_13_2-Pr_1
Mp-At_2_5-Pr_19,外国居住者等の所得に対する相互主義による所得税等の非課税等に関する法律施行規則,428M60000048005,Mp-At_13_2-Pr_1
Mp-At_6-Pr_6,外国居住者等の所得に対する相互主義による所得税等の非課税等に関する法律施行規則,428M60000048005,Mp-At_13_2-Pr_1
Mp-At_9_10-Pr_1,外国居住者等の所得に対する相互主義による所得税等の非課税等に関する法律施行規則,428M60000048005,Mp-At_13_2-Pr_1
Mp-At_6-Pr_7,外国居住者等の所得に対する相互主義による所得税等の非課税等に関する法律施行規則,428M60000048005,Mp-At_13_2-Pr_1
Mp-At_3-Pr_1,外国居住者等の所得に対する相互主義による所得税等の非課税等に関する法律施行規則,428M60000048005,Mp-At_13_2-Pr_1
Mp-At_3-Pr_5,外国居住者等の所得に対する相互主義による所得税等の非課税等に関する法律施行規則,428M60000048005,Mp-At_13_2-Pr_1
Mp-At_7-Pr_1,外国居住者等の所得に対する相互主義による所得税等の非課税等に関する法律施行規則,428M60000048005,Mp-At_13_2-Pr_1
Mp-At_3_4,外国居住者等の所得に対する相互主義による所得税等の非課税等に関する法律施行規則,428M60000048005,Mp-At_13_2-Pr_1
Mp-At_7-Pr_2,外国居住者等の所得に対する相互主義による所得税等の非課税等に関する法律施行規則,428M60000048005,Mp-At_13_2-Pr_1
Mp-At_9_10-Pr_1,外国居住者等の所得に対する相互主義による所得税等の非課税等に関する法律施行規則,428M60000048005,Mp-At_13_2-Pr_1
Mp-At_8,外国居住者等の所得に対する相互主義による所得税等の非課税等に関する法律施行規則,428M60000048005,Mp-At_13_2-Pr_1
Mp-At_9-Pr_1,外国居住者等の所得に対する相互主義による所得税等の非課税等に関する法律施行規則,428M60000048005,Mp-At_13_2-Pr_1
Mp-At_9-Pr_2,外国居住者等の所得に対する相互主義による所得税等の非課税等に関する法律施行規則,428M60000048005,Mp-At_13_2-Pr_1
Mp-At_9-Pr_5,外国居住者等の所得に対する相互主義による所得税等の非課税等に関する法律施行規則,428M60000048005,Mp-At_13_2-Pr_1
Mp-At_9,外国居住者等の所得に対する相互主義による所得税等の非課税等に関する法律施行規則,428M60000048005,Mp-At_13_2-Pr_1
Mp-At_4-Pr_1,外国居住者等の所得に対する相互主義による所得税等の非課税等に関する法律施行規則,428M60000048005,Mp-At_13_2-Pr_1
Mp-At_4-Pr_3,外国居住者等の所得に対する相互主義による所得税等の非課税等に関する法律施行規則,428M60000048005,Mp-At_13_2-Pr_1
Mp-At_4-Pr_5,外国居住者等の所得に対する相互主義による所得税等の非課税等に関する法律施行規則,428M60000048005,Mp-At_13_2-Pr_1
Mp-At_4-Pr_9,外国居住者等の所得に対する相互主義による所得税等の非課税等に関する法律施行規則,428M60000048005,Mp-At_13_2-Pr_1
Mp-At_4-Pr_16,外国居住者等の所得に対する相互主義による所得税等の非課税等に関する法律施行規則,428M60000048005,Mp-At_13_2-Pr_1
Mp-At_11,外国居住者等の所得に対する相互主義による所得税等の非課税等に関する法律施行規則,428M60000048005,Mp-At_13_2-Pr_1
Mp-At_5-Pr_1,外国居住者等の所得に対する相互主義による所得税等の非課税等に関する法律施行規則,428M60000048005,Mp-At_13_2-Pr_1
Mp-At_5-Pr_2,外国居住者等の所得に対する相互主義による所得税等の非課税等に関する法律施行規則,428M60000048005,Mp-At_13_2-Pr_1
Mp-At_5-Pr_5,外国居住者等の所得に対する相互主義による所得税等の非課税等に関する法律施行規則,428M60000048005,Mp-At_13_2-Pr_1
Mp-At_13,外国居住者等の所得に対する相互主義による所得税等の非課税等に関する法律施行規則,428M60000048005,Mp-At_13_2-Pr_1
Mp-At_8-Pr_1,外国居住者等の所得に対する相互主義による所得税等の非課税等に関する法律施行規則,428M60000048005,Mp-At_13_2-Pr_1
Mp-At_8-Pr_5,外国居住者等の所得に対する相互主義による所得税等の非課税等に関する法律施行規則,428M60000048005,Mp-At_13_2-Pr_1
Mp-At_8-Pr_10,外国居住者等の所得に対する相互主義による所得税等の非課税等に関する法律施行規則,428M60000048005,Mp-At_13_2-Pr_1
Mp-At_11,外国居住者等の所得に対する相互主義による所得税等の非課税等に関する法律施行規則,428M60000048005,Mp-At_14-Pr_1
Mp-At_11,外国居住者等の所得に対する相互主義による所得税等の非課税等に関する法律施行規則,428M60000048005,Mp-At_14-Pr_1
Mp-At_30-Pr_3,外国居住者等の所得に対する相互主義による所得税等の非課税等に関する法律施行規則,428M60000048005,Mp-At_16-Pr_1
Mp-At_39_12_2-Pr_1-It_1,外国居住者等の所得に対する相互主義による所得税等の非課税等に関する法律施行規則,428M60000048005,Mp-At_16-Pr_1
,外国居住者等の所得に対する相互主義による所得税等の非課税等に関する法律施行規則,428M60000048005,Mp-At_16-Pr_1
,外国居住者等の所得に対する相互主義による所得税等の非課税等に関する法律施行規則,428M60000048005,Mp-At_16-Pr_1
Mp-At_30-Pr_1-It_1,外国居住者等の所得に対する相互主義による所得税等の非課税等に関する法律施行規則,428M60000048005,Mp-At_16-Pr_1
Mp-At_30-Pr_31,外国居住者等の所得に対する相互主義による所得税等の非課税等に関する法律施行規則,428M60000048005,Mp-At_16-Pr_1
Mp-At_39_12_2-Pr_1-It_3,外国居住者等の所得に対する相互主義による所得税等の非課税等に関する法律施行規則,428M60000048005,Mp-At_16-Pr_1
Mp-At_30-Pr_1-It_3,外国居住者等の所得に対する相互主義による所得税等の非課税等に関する法律施行規則,428M60000048005,Mp-At_16-Pr_1
Mp-At_30-Pr_3,外国居住者等の所得に対する相互主義による所得税等の非課税等に関する法律施行規則,428M60000048005,Mp-At_16-Pr_1
Mp-At_31-Pr_2,外国居住者等の所得に対する相互主義による所得税等の非課税等に関する法律施行規則,428M60000048005,Mp-At_17-Pr_1
Mp-At_39_12_2-Pr_1-It_1,外国居住者等の所得に対する相互主義による所得税等の非課税等に関する法律施行規則,428M60000048005,Mp-At_17-Pr_1
,外国居住者等の所得に対する相互主義による所得税等の非課税等に関する法律施行規則,428M60000048005,Mp-At_17-Pr_1
,外国居住者等の所得に対する相互主義による所得税等の非課税等に関する法律施行規則,428M60000048005,Mp-At_17-Pr_1
Mp-At_31-Pr_1,外国居住者等の所得に対する相互主義による所得税等の非課税等に関する法律施行規則,428M60000048005,Mp-At_17-Pr_1
Mp-At_30-Pr_1-It_1,外国居住者等の所得に対する相互主義による所得税等の非課税等に関する法律施行規則,428M60000048005,Mp-At_17-Pr_1
Mp-At_39_12_2-Pr_1-It_3,外国居住者等の所得に対する相互主義による所得税等の非課税等に関する法律施行規則,428M60000048005,Mp-At_17-Pr_1
Mp-At_31-Pr_1,外国居住者等の所得に対する相互主義による所得税等の非課税等に関する法律施行規則,428M60000048005,Mp-At_17-Pr_1
Mp-At_30-Pr_1-It_3,外国居住者等の所得に対する相互主義による所得税等の非課税等に関する法律施行規則,428M60000048005,Mp-At_17-Pr_1
Mp-At_31-Pr_2,外国居住者等の所得に対する相互主義による所得税等の非課税等に関する法律施行規則,428M60000048005,Mp-At_17-Pr_1
Mp-At_32-Pr_3,外国居住者等の所得に対する相互主義による所得税等の非課税等に関する法律施行規則,428M60000048005,Mp-At_18-Pr_1
Mp-At_9_9_4-Pr_3,外国居住者等の所得に対する相互主義による所得税等の非課税等に関する法律施行規則,428M60000048005,Mp-At_18-Pr_1
,外国居住者等の所得に対する相互主義による所得税等の非課税等に関する法律施行規則,428M60000048005,Mp-At_18-Pr_1
,外国居住者等の所得に対する相互主義による所得税等の非課税等に関する法律施行規則,428M60000048005,Mp-At_18-Pr_1
Mp-At_32-Pr_3,外国居住者等の所得に対する相互主義による所得税等の非課税等に関する法律施行規則,428M60000048005,Mp-At_18-Pr_1
Mp-At_9_9_4-Pr_3,外国居住者等の所得に対する相互主義による所得税等の非課税等に関する法律施行規則,428M60000048005,Mp-At_18-Pr_1
Mp-At_32-Pr_3,外国居住者等の所得に対する相互主義による所得税等の非課税等に関する法律施行規則,428M60000048005,Mp-At_18-Pr_1
Mp-At_9_9_5-Pr_3,外国居住者等の所得に対する相互主義による所得税等の非課税等に関する法律施行規則,428M60000048005,Mp-At_18-Pr_1
Mp-At_32-Pr_3,外国居住者等の所得に対する相互主義による所得税等の非課税等に関する法律施行規則,428M60000048005,Mp-At_18-Pr_1
Mp-At_9_9_5-Pr_3,外国居住者等の所得に対する相互主義による所得税等の非課税等に関する法律施行規則,428M60000048005,Mp-At_18-Pr_1
Mp-At_32-Pr_3,外国居住者等の所得に対する相互主義による所得税等の非課税等に関する法律施行規則,428M60000048005,Mp-At_18-Pr_1
Mp-At_32-Pr_6,外国居住者等の所得に対する相互主義による所得税等の非課税等に関する法律施行規則,428M60000048005,Mp-At_18-Pr_2
Mp-At_48_15_3-Pr_3,外国居住者等の所得に対する相互主義による所得税等の非課税等に関する法律施行規則,428M60000048005,Mp-At_18-Pr_2
,外国居住者等の所得に対する相互主義による所得税等の非課税等に関する法律施行規則,428M60000048005,Mp-At_18-Pr_2
,外国居住者等の所得に対する相互主義による所得税等の非課税等に関する法律施行規則,428M60000048005,Mp-At_18-Pr_2
Mp-At_32-Pr_6,外国居住者等の所得に対する相互主義による所得税等の非課税等に関する法律施行規則,428M60000048005,Mp-At_18-Pr_2
Mp-At_48_15_3-Pr_3,外国居住者等の所得に対する相互主義による所得税等の非課税等に関する法律施行規則,428M60000048005,Mp-At_18-Pr_2
Mp-At_32-Pr_6,外国居住者等の所得に対する相互主義による所得税等の非課税等に関する法律施行規則,428M60000048005,Mp-At_18-Pr_2
Mp-At_48_15_4-Pr_3,外国居住者等の所得に対する相互主義による所得税等の非課税等に関する法律施行規則,428M60000048005,Mp-At_18-Pr_2
Mp-At_32-Pr_6,外国居住者等の所得に対する相互主義による所得税等の非課税等に関する法律施行規則,428M60000048005,Mp-At_18-Pr_2
Mp-At_48_15_4-Pr_3,外国居住者等の所得に対する相互主義による所得税等の非課税等に関する法律施行規則,428M60000048005,Mp-At_18-Pr_2
Mp-At_32-Pr_6,外国居住者等の所得に対する相互主義による所得税等の非課税等に関する法律施行規則,428M60000048005,Mp-At_18-Pr_2
Mp-At_32-Pr_10,外国居住者等の所得に対する相互主義による所得税等の非課税等に関する法律施行規則,428M60000048005,Mp-At_18-Pr_3
Mp-At_32_2-Pr_4,外国居住者等の所得に対する相互主義による所得税等の非課税等に関する法律施行規則,428M60000048005,Mp-At_18-Pr_3
,外国居住者等の所得に対する相互主義による所得税等の非課税等に関する法律施行規則,428M60000048005,Mp-At_18-Pr_3
,外国居住者等の所得に対する相互主義による所得税等の非課税等に関する法律施行規則,428M60000048005,Mp-At_18-Pr_3
Mp-At_32-Pr_10,外国居住者等の所得に対する相互主義による所得税等の非課税等に関する法律施行規則,428M60000048005,Mp-At_18-Pr_3
Mp-At_32_2-Pr_4,外国居住者等の所得に対する相互主義による所得税等の非課税等に関する法律施行規則,428M60000048005,Mp-At_18-Pr_3
Mp-At_32-Pr_10,外国居住者等の所得に対する相互主義による所得税等の非課税等に関する法律施行規則,428M60000048005,Mp-At_18-Pr_3
Mp-At_32_3-Pr_4,外国居住者等の所得に対する相互主義による所得税等の非課税等に関する法律施行規則,428M60000048005,Mp-At_18-Pr_3
Mp-At_32-Pr_10,外国居住者等の所得に対する相互主義による所得税等の非課税等に関する法律施行規則,428M60000048005,Mp-At_18-Pr_3
Mp-At_32_3-Pr_4,外国居住者等の所得に対する相互主義による所得税等の非課税等に関する法律施行規則,428M60000048005,Mp-At_18-Pr_3
Mp-At_32-Pr_10,外国居住者等の所得に対する相互主義による所得税等の非課税等に関する法律施行規則,428M60000048005,Mp-At_18-Pr_3
Mp-At_32-Pr_1-It_1,外国居住者等の所得に対する相互主義による所得税等の非課税等に関する法律施行規則,428M60000048005,Mp-At_19-Pr_2-It_3
Mp-At_32-Pr_8-It_1,外国居住者等の所得に対する相互主義による所得税等の非課税等に関する法律施行規則,428M60000048005,Mp-At_19-Pr_5-It_3
Mp-At_33-Pr_4,外国居住者等の所得に対する相互主義による所得税等の非課税等に関する法律施行規則,428M60000048005,Mp-At_20-Pr_1
Mp-At_48_9_19-Pr_3,外国居住者等の所得に対する相互主義による所得税等の非課税等に関する法律施行規則,428M60000048005,Mp-At_20-Pr_1
,外国居住者等の所得に対する相互主義による所得税等の非課税等に関する法律施行規則,428M60000048005,Mp-At_20-Pr_1
,外国居住者等の所得に対する相互主義による所得税等の非課税等に関する法律施行規則,428M60000048005,Mp-At_20-Pr_1
,外国居住者等の所得に対する相互主義による所得税等の非課税等に関する法律施行規則,428M60000048005,Mp-At_20-Pr_1
Mp-At_33-Pr_4,外国居住者等の所得に対する相互主義による所得税等の非課税等に関する法律施行規則,428M60000048005,Mp-At_20-Pr_1
Mp-At_48_9_19-Pr_3,外国居住者等の所得に対する相互主義による所得税等の非課税等に関する法律施行規則,428M60000048005,Mp-At_20-Pr_1
Mp-At_33-Pr_4,外国居住者等の所得に対する相互主義による所得税等の非課税等に関する法律施行規則,428M60000048005,Mp-At_20-Pr_1
Mp-At_32-Pr_4-It_1,外国居住者等の所得に対する相互主義による所得税等の非課税等に関する法律施行規則,428M60000048005,Mp-At_20-Pr_2
Mp-At_33-Pr_7,外国居住者等の所得に対する相互主義による所得税等の非課税等に関する法律施行規則,428M60000048005,Mp-At_20-Pr_3
Mp-At_35_4_2-Pr_3,外国居住者等の所得に対する相互主義による所得税等の非課税等に関する法律施行規則,428M60000048005,Mp-At_20-Pr_3
,外国居住者等の所得に対する相互主義による所得税等の非課税等に関する法律施行規則,428M60000048005,Mp-At_20-Pr_3
,外国居住者等の所得に対する相互主義による所得税等の非課税等に関する法律施行規則,428M60000048005,Mp-At_20-Pr_3
,外国居住者等の所得に対する相互主義による所得税等の非課税等に関する法律施行規則,428M60000048005,Mp-At_20-Pr_3
Mp-At_33-Pr_7,外国居住者等の所得に対する相互主義による所得税等の非課税等に関する法律施行規則,428M60000048005,Mp-At_20-Pr_3
Mp-At_35_4_2-Pr_3,外国居住者等の所得に対する相互主義による所得税等の非課税等に関する法律施行規則,428M60000048005,Mp-At_20-Pr_3
Mp-At_33-Pr_7,外国居住者等の所得に対する相互主義による所得税等の非課税等に関する法律施行規則,428M60000048005,Mp-At_20-Pr_3
Mp-At_33-Pr_5,外国居住者等の所得に対する相互主義による所得税等の非課税等に関する法律施行規則,428M60000048005,Mp-At_20-Pr_4
Mp-At_16_12-Pr_3,外国居住者等の所得に対する相互主義による所得税等の非課税等に関する法律施行規則,428M60000048005,Mp-At_21-Pr_1
Mp-At_33_2-Pr_1,外国居住者等の所得に対する相互主義による所得税等の非課税等に関する法律施行規則,428M60000048005,Mp-At_21-Pr_1
Mp-At_16_12-Pr_7,外国居住者等の所得に対する相互主義による所得税等の非課税等に関する法律施行規則,428M60000048005,Mp-At_21-Pr_1
Mp-At_16_12-Pr_8,外国居住者等の所得に対する相互主義による所得税等の非課税等に関する法律施行規則,428M60000048005,Mp-At_21-Pr_1
Mp-At_16_12-Pr_9,外国居住者等の所得に対する相互主義による所得税等の非課税等に関する法律施行規則,428M60000048005,Mp-At_21-Pr_1
Mp-At_16_12-Pr_3-It_1,外国居住者等の所得に対する相互主義による所得税等の非課税等に関する法律施行規則,428M60000048005,Mp-At_21-Pr_1
Mp-At_16_12-Pr_3-It_1,外国居住者等の所得に対する相互主義による所得税等の非課税等に関する法律施行規則,428M60000048005,Mp-At_21-Pr_1
Mp-At_16_13-Pr_1,外国居住者等の所得に対する相互主義による所得税等の非課税等に関する法律施行規則,428M60000048005,Mp-At_21-Pr_3
Mp-At_16_13-Pr_2,外国居住者等の所得に対する相互主義による所得税等の非課税等に関する法律施行規則,428M60000048005,Mp-At_21-Pr_3
Mp-At_16_13-Pr_3,外国居住者等の所得に対する相互主義による所得税等の非課税等に関する法律施行規則,428M60000048005,Mp-At_21-Pr_3
Mp-At_16_13-Pr_2-It_5,外国居住者等の所得に対する相互主義による所得税等の非課税等に関する法律施行規則,428M60000048005,Mp-At_21-Pr_3
Mp-It_3,外国居住者等の所得に対する相互主義による所得税等の非課税等に関する法律施行規則,428M60000048005,Sp_令和二年四月八日総務省・財務省令第四号-At_2-Pr_1-It_1
Mp-It_3,外国居住者等の所得に対する相互主義による所得税等の非課税等に関する法律施行規則,428M60000048005,Sp_令和二年四月八日総務省・財務省令第四号-At_2-Pr_1-It_1
Mp-It_3,外国居住者等の所得に対する相互主義による所得税等の非課税等に関する法律施行規則,428M60000048005,Sp_令和二年四月八日総務省・財務省令第四号-At_2-Pr_1-It_2
Mp-It_3,外国居住者等の所得に対する相互主義による所得税等の非課税等に関する法律施行規則,428M60000048005,Sp_令和二年四月八日総務省・財務省令第四号-At_4-Pr_1
Mp-At_1,外国居住者等の所得に対する相互主義による所得税等の非課税等に関する法律施行規則,428M60000048005,Sp_令和二年六月三〇日財務省令第五六号-At_2-Pr_2
Mp-At_2,外国居住者等の所得に対する相互主義による所得税等の非課税等に関する法律施行規則,428M60000048005,Sp_令和二年六月三〇日財務省令第五六号-At_2-Pr_2
Mp-At_3,外国居住者等の所得に対する相互主義による所得税等の非課税等に関する法律施行規則,428M60000048005,Sp_令和二年六月三〇日財務省令第五六号-At_2-Pr_2
Mp-At_4,外国居住者等の所得に対する相互主義による所得税等の非課税等に関する法律施行規則,428M60000048005,Sp_令和二年六月三〇日財務省令第五六号-At_2-Pr_2
Mp-At_11,外国居住者等の所得に対する相互主義による所得税等の非課税等に関する法律施行規則,428M60000048005,Sp_令和二年六月三〇日財務省令第五六号-At_2-Pr_2
,外国居住者等の所得に対する相互主義による所得税等の非課税等に関する法律施行規則,428M60000048005,Sp_令和二年六月三〇日財務省令第五六号-At_2-Pr_2
,外国居住者等の所得に対する相互主義による所得税等の非課税等に関する法律施行規則,428M60000048005,Sp_令和二年六月三〇日財務省令第五六号-At_2-Pr_2
Mp-At_24,外国居住者等の所得に対する相互主義による所得税等の非課税等に関する法律施行規則,428M60000048005,Sp_令和二年六月三〇日財務省令第五六号-At_2-Pr_2
Mp-At_1,外国居住者等の所得に対する相互主義による所得税等の非課税等に関する法律施行規則,428M60000048005,Sp_令和二年六月三〇日財務省令第五六号-At_5-Pr_3
Mp-At_3,外国居住者等の所得に対する相互主義による所得税等の非課税等に関する法律施行規則,428M60000048005,Sp_令和二年六月三〇日財務省令第五六号-At_12-Pr_6
Mp-At_4,外国居住者等の所得に対する相互主義による所得税等の非課税等に関する法律施行規則,428M60000048005,Sp_令和二年六月三〇日財務省令第五六号-At_14-Pr_2
Mp-At_5,外国居住者等の所得に対する相互主義による所得税等の非課税等に関する法律施行規則,428M60000048005,Sp_令和二年六月三〇日財務省令第五六号-At_15-Pr_1-It_1
Mp-At_5,外国居住者等の所得に対する相互主義による所得税等の非課税等に関する法律施行規則,428M60000048005,Sp_令和二年六月三〇日財務省令第五六号-At_15-Pr_1-It_2
,特別法人事業税及び特別法人事業譲与税に関する法律施行令,431CO0000000089,Sp_平成三〇年三月三一日政令第一二六号-At_1-Pr_1-It_3
,特別法人事業税及び特別法人事業譲与税に関する法律施行令,431CO0000000089,Sp_平成三〇年三月三一日政令第一二六号-At_1-Pr_1-It_3
Mp-At_32-Pr_7-It_1,特別法人事業税及び特別法人事業譲与税に関する法律施行令,431CO0000000089,Sp_平成三〇年三月三一日政令第一二六号-At_1-Pr_1-It_3
