,教育公務員特例法附則第二条の規定の適用を受ける公立学校職員等について学校看護婦としての在職を準教育職員としての在職とみなすことに関する法律,330AC1000000085,Mp-At_1-Pr_1
,教育公務員特例法附則第二条の規定の適用を受ける公立学校職員等について学校看護婦としての在職を準教育職員としての在職とみなすことに関する法律,330AC1000000085,Mp-At_1-Pr_2
,教育公務員特例法附則第二条の規定の適用を受ける公立学校職員等について学校看護婦としての在職を準教育職員としての在職とみなすことに関する法律,330AC1000000085,Mp-At_2-Pr_1
,教育公務員特例法附則第二条の規定の適用を受ける公立学校職員等について学校看護婦としての在職を準教育職員としての在職とみなすことに関する法律,330AC1000000085,Mp-At_3-Pr_1
,教育公務員特例法附則第二条の規定の適用を受ける公立学校職員等について学校看護婦としての在職を準教育職員としての在職とみなすことに関する法律,330AC1000000085,Mp-At_3-Pr_1
,教育公務員特例法附則第二条の規定の適用を受ける公立学校職員等について学校看護婦としての在職を準教育職員としての在職とみなすことに関する法律,330AC1000000085,Mp-At_3-Pr_1
,教育公務員特例法附則第二条の規定の適用を受ける公立学校職員等について学校看護婦としての在職を準教育職員としての在職とみなすことに関する法律,330AC1000000085,Sp_昭和三一年一二月一八日法律第一七五号-Pr_3
