,東日本大震災に対処するための特別の財政援助及び助成に関する法律の農林水産省関係規定の施行等に関する政令,423CO0000000132,Mp-At_8-Pr_3
,東日本大震災に対処するための特別の財政援助及び助成に関する法律の農林水産省関係規定の施行等に関する政令,423CO0000000132,Mp-At_8-Pr_3
Mp-At_7-Pr_2,東日本大震災に対処するための特別の財政援助及び助成に関する法律の農林水産省関係規定の施行等に関する政令,423CO0000000132,Mp-At_8-Pr_3
Mp-At_7-Pr_2,東日本大震災に対処するための特別の財政援助及び助成に関する法律の農林水産省関係規定の施行等に関する政令,423CO0000000132,Mp-At_8-Pr_3
,東日本大震災に対処するための農林水産省関係政令の特例に関する政令,423CO0000000136,Mp-At_6-Pr_1
,東日本大震災に対処するための農林水産省関係政令の特例に関する政令,423CO0000000136,Mp-At_6-Pr_1
Mp-At_4_3,東日本大震災に対処するための農林水産省関係政令の特例に関する政令,423CO0000000136,Mp-At_6-Pr_1
Mp-At_4_3,東日本大震災に対処するための農林水産省関係政令の特例に関する政令,423CO0000000136,Mp-At_6-Pr_1
,森林経営管理法施行令,430CO0000000320,Sp-At_2-Pr_1
,森林経営管理法施行令,430CO0000000320,Sp-At_2-Pr_1
Mp-At_7-Pr_2,森林経営管理法施行令,430CO0000000320,Sp-At_2-Pr_1
Mp-At_7-Pr_2,森林経営管理法施行令,430CO0000000320,Sp-At_2-Pr_1
