,平成二十二年四月以降において発生が確認された口蹄疫に起因して生じた事態に対処するための手当金等についての個人の道府県民税及び市町村民税の臨時特例に関する法律施行令,422CO0000000221,Mp-At_1-Pr_1
,平成二十二年四月以降において発生が確認された口蹄疫に起因して生じた事態に対処するための手当金等についての個人の道府県民税及び市町村民税の臨時特例に関する法律施行令,422CO0000000221,Mp-At_1-Pr_1
Mp-At_1-Pr_3,平成二十二年四月以降において発生が確認された口蹄疫に起因して生じた事態に対処するための手当金等についての個人の道府県民税及び市町村民税の臨時特例に関する法律施行令,422CO0000000221,Mp-At_1-Pr_1
Mp-At_1-Pr_4,平成二十二年四月以降において発生が確認された口蹄疫に起因して生じた事態に対処するための手当金等についての個人の道府県民税及び市町村民税の臨時特例に関する法律施行令,422CO0000000221,Mp-At_1-Pr_1
,平成二十二年四月以降において発生が確認された口蹄疫に起因して生じた事態に対処するための手当金等についての個人の道府県民税及び市町村民税の臨時特例に関する法律施行令,422CO0000000221,Mp-At_2-Pr_1
Mp-At_1-Pr_3,平成二十二年四月以降において発生が確認された口蹄疫に起因して生じた事態に対処するための手当金等についての個人の道府県民税及び市町村民税の臨時特例に関する法律施行令,422CO0000000221,Mp-At_2-Pr_1
Mp-At_1-Pr_4,平成二十二年四月以降において発生が確認された口蹄疫に起因して生じた事態に対処するための手当金等についての個人の道府県民税及び市町村民税の臨時特例に関する法律施行令,422CO0000000221,Mp-At_2-Pr_1
,平成二十二年四月以降において発生が確認された口蹄疫に起因して生じた事態に対処するための手当金等についての所得税及び法人税の臨時特例に関する法律施行規則,422M60000040052,Es
,平成二十二年四月以降において発生が確認された口蹄疫に起因して生じた事態に対処するための手当金等についての所得税及び法人税の臨時特例に関する法律施行規則,422M60000040052,Es
Mp-At_1-Pr_6,平成二十二年四月以降において発生が確認された口蹄疫に起因して生じた事態に対処するための手当金等についての所得税及び法人税の臨時特例に関する法律施行規則,422M60000040052,Es
Mp-At_2-Pr_2,平成二十二年四月以降において発生が確認された口蹄疫に起因して生じた事態に対処するための手当金等についての所得税及び法人税の臨時特例に関する法律施行規則,422M60000040052,Es
,平成二十二年四月以降において発生が確認された口蹄疫に起因して生じた事態に対処するための手当金等についての所得税及び法人税の臨時特例に関する法律施行規則,422M60000040052,Mp-At_1-Pr_1
,平成二十二年四月以降において発生が確認された口蹄疫に起因して生じた事態に対処するための手当金等についての所得税及び法人税の臨時特例に関する法律施行規則,422M60000040052,Mp-At_1-Pr_1
Mp-At_1-Pr_6,平成二十二年四月以降において発生が確認された口蹄疫に起因して生じた事態に対処するための手当金等についての所得税及び法人税の臨時特例に関する法律施行規則,422M60000040052,Mp-At_1-Pr_1
Mp-At_2-Pr_2,平成二十二年四月以降において発生が確認された口蹄疫に起因して生じた事態に対処するための手当金等についての所得税及び法人税の臨時特例に関する法律施行規則,422M60000040052,Mp-At_2-Pr_1
