,社会保険労務士法施行規則,343M50002100001,Apt_0-It_57
,社会保険労務士法施行規則,343M50002100001,Apt_0-It_57
,青少年の雇用の促進等に関する法律施行規則,427M60000100155,Es
,青少年の雇用の促進等に関する法律施行規則,427M60000100155,Sp_平成二八年一月一四日厚生労働省令第四号-Pr_2
,青少年の雇用の促進等に関する法律施行規則,427M60000100155,Sp_平成二八年一月一四日厚生労働省令第四号-Pr_2
Mp-At_3,青少年の雇用の促進等に関する法律施行規則,427M60000100155,Sp_平成二八年一月一四日厚生労働省令第四号-Pr_2
Mp-At_3-Pr_1-It_1,青少年の雇用の促進等に関する法律施行規則,427M60000100155,Sp_平成二八年一月一四日厚生労働省令第四号-Pr_2
,青少年の雇用の促進等に関する法律施行規則,427M60000100155,Sp_平成二九年三月三〇日厚生労働省令第三一号-At_4-Pr_1
,青少年の雇用の促進等に関する法律施行規則,427M60000100155,Sp_平成二九年三月三〇日厚生労働省令第三一号-At_4-Pr_1
Mp-At_9,青少年の雇用の促進等に関する法律施行規則,427M60000100155,Sp_平成二九年三月三〇日厚生労働省令第三一号-At_4-Pr_1
Mp-At_11,青少年の雇用の促進等に関する法律施行規則,427M60000100155,Sp_平成二九年三月三〇日厚生労働省令第三一号-At_4-Pr_2
Mp-At_9,青少年の雇用の促進等に関する法律施行規則,427M60000100155,Sp_平成二九年三月三〇日厚生労働省令第三一号-At_4-Pr_2
,青少年の雇用の促進等に関する法律施行規則,427M60000100155,Sp_平成二九年六月三〇日厚生労働省令第六六号-At_6-Pr_1
Mp-At_3-Pr_1-It_2,青少年の雇用の促進等に関する法律施行規則,427M60000100155,Sp_平成二九年六月三〇日厚生労働省令第六六号-At_6-Pr_1
