,船員法施行規則,322M40000800023,Mp-At_3_5-Pr_1-It_2
,船員法施行規則,322M40000800023,Mp-At_3_5-Pr_1-It_2
,労働施策の総合的な推進並びに労働者の雇用の安定及び職業生活の充実等に関する法律施行規則,341M50002000023,Sp-At_2-Pr_1-It_1
,労働施策の総合的な推進並びに労働者の雇用の安定及び職業生活の充実等に関する法律施行規則,341M50002000023,Sp-At_2-Pr_1-It_1
Mp-At_1-Pr_1-It_1,労働施策の総合的な推進並びに労働者の雇用の安定及び職業生活の充実等に関する法律施行規則,341M50002000023,Sp-At_2-Pr_1-It_1
Mp-At_1-Pr_1-It_2,労働施策の総合的な推進並びに労働者の雇用の安定及び職業生活の充実等に関する法律施行規則,341M50002000023,Sp-At_2-Pr_1-It_1
Mp-At_1-Pr_1-It_4,労働施策の総合的な推進並びに労働者の雇用の安定及び職業生活の充実等に関する法律施行規則,341M50002000023,Sp-At_2-Pr_1-It_1
Mp-At_1-Pr_1-It_8,労働施策の総合的な推進並びに労働者の雇用の安定及び職業生活の充実等に関する法律施行規則,341M50002000023,Sp-At_2-Pr_1-It_1
Mp-At_1-Pr_1-It_9,労働施策の総合的な推進並びに労働者の雇用の安定及び職業生活の充実等に関する法律施行規則,341M50002000023,Sp-At_2-Pr_1-It_1
,指定漁船に乗り組む海員の労働時間及び休日に関する省令,343M50000800049,Mp-At_2-Pr_1-It_1
,指定漁船に乗り組む海員の労働時間及び休日に関する省令,343M50000800049,Mp-At_2-Pr_1-It_1
Mp-At_1-Pr_1-It_1,指定漁船に乗り組む海員の労働時間及び休日に関する省令,343M50000800049,Mp-At_2-Pr_1-It_1
Mp-At_1-Pr_1-It_7,指定漁船に乗り組む海員の労働時間及び休日に関する省令,343M50000800049,Mp-At_2-Pr_1-It_1
Mp-At_1-Pr_1-It_13,指定漁船に乗り組む海員の労働時間及び休日に関する省令,343M50000800049,Mp-At_2-Pr_1-It_1
Mp-At_1-Pr_1-It_9,指定漁船に乗り組む海員の労働時間及び休日に関する省令,343M50000800049,Mp-At_2-Pr_1-It_1
Mp-At_1-Pr_1-It_13,指定漁船に乗り組む海員の労働時間及び休日に関する省令,343M50000800049,Mp-At_2-Pr_1-It_1
,船内における食料の支給を行う者に関する省令,350M50000800007,Mp-At_1-Pr_1
,船内における食料の支給を行う者に関する省令,350M50000800007,Mp-At_1-Pr_1
,漁業経営の改善及び再建整備に関する特別措置法第十三条第一項の職業転換給付金の支給基準に関する省令,351M50000800025,Mp-At_1-Pr_1-It_1
,漁業経営の改善及び再建整備に関する特別措置法第十三条第一項の職業転換給付金の支給基準に関する省令,351M50000800025,Mp-At_1-Pr_1-It_1
,漁業経営の改善及び再建整備に関する特別措置法第十三条第一項の職業転換給付金の支給基準に関する省令,351M50000800025,Mp-At_1-Pr_1-It_1
Mp-At_1-Pr_1-It_1,漁業経営の改善及び再建整備に関する特別措置法第十三条第一項の職業転換給付金の支給基準に関する省令,351M50000800025,Mp-At_1-Pr_1-It_1
Mp-At_1-Pr_1-It_2,漁業経営の改善及び再建整備に関する特別措置法第十三条第一項の職業転換給付金の支給基準に関する省令,351M50000800025,Mp-At_1-Pr_1-It_2
Mp-At_1-Pr_1-It_4,漁業経営の改善及び再建整備に関する特別措置法第十三条第一項の職業転換給付金の支給基準に関する省令,351M50000800025,Mp-At_1-Pr_1-It_3
Mp-At_1-Pr_1-It_8,漁業経営の改善及び再建整備に関する特別措置法第十三条第一項の職業転換給付金の支給基準に関する省令,351M50000800025,Mp-At_1-Pr_1-It_4
Mp-At_1-Pr_1-It_9,漁業経営の改善及び再建整備に関する特別措置法第十三条第一項の職業転換給付金の支給基準に関する省令,351M50000800025,Mp-At_1-Pr_1-It_5
,指定漁船に乗り組む船員の有給休暇に関する省令,407M50000800004,Mp-At_2-Pr_1-It_1
,指定漁船に乗り組む船員の有給休暇に関する省令,407M50000800004,Mp-At_2-Pr_1-It_1
Mp-At_1-Pr_1-It_1,指定漁船に乗り組む船員の有給休暇に関する省令,407M50000800004,Mp-At_2-Pr_1-It_1
Mp-At_1-Pr_1-It_7,指定漁船に乗り組む船員の有給休暇に関する省令,407M50000800004,Mp-At_2-Pr_1-It_1
Mp-At_1-Pr_1-It_13,指定漁船に乗り組む船員の有給休暇に関する省令,407M50000800004,Mp-At_2-Pr_1-It_1
Mp-At_1-Pr_1-It_9,指定漁船に乗り組む船員の有給休暇に関する省令,407M50000800004,Mp-At_2-Pr_1-It_1
Mp-At_1-Pr_1-It_13,指定漁船に乗り組む船員の有給休暇に関する省令,407M50000800004,Mp-At_2-Pr_1-It_1
,船員法第一条第二項第三号の漁船の範囲を定める政令第二号の漁船の範囲を定める省令,502M60000800095,Es
